// Jest Snapshot v1, https://goo.gl/fbAQLP

exports[`<PostCard /> Should match snapshot 1`] = `
<div>
  <div
    class="post"
  >
    <img
      alt="Title"
      src="img/img.png"
    />
    <div
      class="post-content"
    >
      <h2>
        1
         
        Title
      </h2>
      <p>
        body
      </p>
    </div>
  </div>
</div>
`;
